gthr-default.h:229:1:int __gthread_key_delete(__gthread_key_t)	16	static
main.cpp:92:5:int main()	16	static
main.cpp:166:6:void SystemClock_Config()	72	static
main.cpp:205:13:void MX_TIM2_Init()	72	static
main.cpp:272:13:void MX_TIM3_Init()	64	static
main.cpp:331:13:void MX_USART1_UART_Init()	8	static
main.cpp:364:13:void MX_GPIO_Init()	40	static
main.cpp:388:6:void HAL_TIM_IC_CaptureCallback(TIM_HandleTypeDef*)	16	static
main.cpp:398:6:void USART1_IRQHandler()	24	static
main.cpp:428:6:void Error_Handler()	4	static
main.cpp:434:1:void __static_initialization_and_destruction_0(int, int)	16	static
main.cpp:434:1:cpp)	8	static
